features/base-donnees/components/CallCenterView.tsx(205,10): error TS2741: Property 'title' is missing in type '{ badgeText: string; badgeColor: string; value: number; }' but required in type 'GenericStatCardProps'.
features/courses/utils/build-course-timeline.ts(81,14): error TS2339: Property 'at_restaurant_at' does not exist on type 'CourseWithAttempts'.
features/courses/utils/build-course-timeline.ts(84,18): error TS2339: Property 'at_restaurant_at' does not exist on type 'CourseWithAttempts'.
features/customer/components/detail-customer/CarteTab.tsx(146,43): error TS2345: Argument of type 'CardRequestStatus' is not assignable to parameter of type 'NationCardStatus'.
  Type '"EXPIRED"' is not assignable to type 'NationCardStatus'.
features/delivery_offers/queries/delivery-offer.queries.ts(15,5): error TS2769: No overload matches this call.
  Overload 1 of 3, '(options: DefinedInitialDataOptions<unknown, Error, unknown, unknown[]>, queryClient?: QueryClient): DefinedUseQueryResult<unknown, Error>', gave the following error.
    Object literal may only specify known properties, and 'keepPreviousData' does not exist in type 'DefinedInitialDataOptions<unknown, Error, unknown, unknown[]>'.
  Overload 2 of 3, '(options: UndefinedInitialDataOptions<PaginatedResponse<DeliveryOffer>, Error, PaginatedResponse<DeliveryOffer>, unknown[]>, queryClient?: QueryClient): UseQueryResult<...>', gave the following error.
    Object literal may only specify known properties, and 'keepPreviousData' does not exist in type 'UndefinedInitialDataOptions<PaginatedResponse<DeliveryOffer>, Error, PaginatedResponse<DeliveryOffer>, unknown[]>'.
  Overload 3 of 3, '(options: UseQueryOptions<PaginatedResponse<DeliveryOffer>, Error, PaginatedResponse<DeliveryOffer>, unknown[]>, queryClient?: QueryClient): UseQueryResult<...>', gave the following error.
    Object literal may only specify known properties, and 'keepPreviousData' does not exist in type 'UseQueryOptions<PaginatedResponse<DeliveryOffer>, Error, PaginatedResponse<DeliveryOffer>, unknown[]>'.
features/livreurs/components/DelivererLiveMap.tsx(184,39): error TS2339: Property 'items' does not exist on type 'PaginatedResponse<Restaurant>'.
features/news/apis/news.api.ts(24,31): error TS2345: Argument of type 'NewsQueryParams' is not assignable to parameter of type 'Record<string, unknown>'.
  Index signature for type 'string' is missing in type 'NewsQueryParams'.
features/operations/components/drawer/DrawerHistoriqueTab.tsx(73,9): error TS2322: Type '"desc"' is not assignable to type 'SortOrder'.
features/operations/components/drawer/DrawerPaymentTab.tsx(432,44): error TS2322: Type '{ className: string; style: { color: string; }; }' is not assignable to type 'IntrinsicAttributes & { className?: string; }'.
  Property 'style' does not exist on type 'IntrinsicAttributes & { className?: string; }'.
features/operations/components/OperationsKpiBar.tsx(97,37): error TS2769: No overload matches this call.
  Overload 1 of 2, '(props: { className?: string; }, context?: any): string | number | bigint | boolean | ReactElement<unknown, string | JSXElementConstructor<any>> | Iterable<...> | Promise<...> | Component<...>', gave the following error.
    Type '{ className: string; style: { color: string; }; }' is not assignable to type 'IntrinsicAttributes & { className?: string; }'.
      Property 'style' does not exist on type 'IntrinsicAttributes & { className?: string; }'.
  Overload 2 of 2, '(props: { className?: string; }): string | number | bigint | boolean | ReactElement<unknown, string | JSXElementConstructor<any>> | Iterable<ReactNode> | Promise<...> | Component<...>', gave the following error.
    Type '{ className: string; style: { color: string; }; }' is not assignable to type 'IntrinsicAttributes & { className?: string; }'.
      Property 'style' does not exist on type 'IntrinsicAttributes & { className?: string; }'.
features/operations/components/PickupValidationModal.tsx(115,25): error TS2322: Type '"CHICKEN_NATION"' is not assignable to type 'DeliveryService'.
features/operations/utils/card-urgency.ts(86,25): error TS2339: Property 'accepted_at' does not exist on type 'Order'.
features/operations/utils/card-urgency.ts(88,25): error TS2339: Property 'prepared_at' does not exist on type 'Order'.
features/operations/utils/card-urgency.ts(88,52): error TS2339: Property 'accepted_at' does not exist on type 'Order'.
features/orders/components/detail-order/CustomerInfoSection.tsx(220,86): error TS2322: Type '"desc"' is not assignable to type 'SortOrder'.
features/orders/utils/imprimer-ticket.ts(51,5): error TS2687: All declarations of 'flutter_inappwebview' must have identical modifiers.
features/promo_code/queries/promo-code.queries.ts(19,5): error TS2769: No overload matches this call.
  Overload 1 of 3, '(options: DefinedInitialDataOptions<unknown, Error, unknown, unknown[]>, queryClient?: QueryClient): DefinedUseQueryResult<unknown, Error>', gave the following error.
    Object literal may only specify known properties, and 'keepPreviousData' does not exist in type 'DefinedInitialDataOptions<unknown, Error, unknown, unknown[]>'.
  Overload 2 of 3, '(options: UndefinedInitialDataOptions<PaginatedResponse<PromoCode>, Error, PaginatedResponse<PromoCode>, unknown[]>, queryClient?: QueryClient): UseQueryResult<...>', gave the following error.
    Object literal may only specify known properties, and 'keepPreviousData' does not exist in type 'UndefinedInitialDataOptions<PaginatedResponse<PromoCode>, Error, PaginatedResponse<PromoCode>, unknown[]>'.
  Overload 3 of 3, '(options: UseQueryOptions<PaginatedResponse<PromoCode>, Error, PaginatedResponse<PromoCode>, unknown[]>, queryClient?: QueryClient): UseQueryResult<...>', gave the following error.
    Object literal may only specify known properties, and 'keepPreviousData' does not exist in type 'UseQueryOptions<PaginatedResponse<PromoCode>, Error, PaginatedResponse<PromoCode>, unknown[]>'.
features/promo_code/queries/promo-code.queries.ts(86,5): error TS2769: No overload matches this call.
  Overload 1 of 3, '(options: DefinedInitialDataOptions<unknown, Error, unknown, unknown[]>, queryClient?: QueryClient): DefinedUseQueryResult<unknown, Error>', gave the following error.
    Object literal may only specify known properties, and 'keepPreviousData' does not exist in type 'DefinedInitialDataOptions<unknown, Error, unknown, unknown[]>'.
  Overload 2 of 3, '(options: UndefinedInitialDataOptions<PromoCodeUsagesPage, Error, PromoCodeUsagesPage, unknown[]>, queryClient?: QueryClient): UseQueryResult<...>', gave the following error.
    Object literal may only specify known properties, and 'keepPreviousData' does not exist in type 'UndefinedInitialDataOptions<PromoCodeUsagesPage, Error, PromoCodeUsagesPage, unknown[]>'.
  Overload 3 of 3, '(options: UseQueryOptions<PromoCodeUsagesPage, Error, PromoCodeUsagesPage, unknown[]>, queryClient?: QueryClient): UseQueryResult<...>', gave the following error.
    Object literal may only specify known properties, and 'keepPreviousData' does not exist in type 'UseQueryOptions<PromoCodeUsagesPage, Error, PromoCodeUsagesPage, unknown[]>'.
features/scratch_game/components/GiftItemPicker.tsx(57,8): error TS2352: Conversion of type 'Dish[]' to type 'PickedGift[]' may be a mistake because neither type sufficiently overlaps with the other. If this was intentional, convert the expression to 'unknown' first.
  Property 'kind' is missing in type 'Dish' but required in type 'PickedGift'.
features/statistics/apis/statistics-products.api.ts(62,31): error TS2352: Conversion of type 'ProductsComparisonQueryParams' to type 'Record<string, string | number>' may be a mistake because neither type sufficiently overlaps with the other. If this was intentional, convert the expression to 'unknown' first.
  Index signature for type 'string' is missing in type 'ProductsComparisonQueryParams'.
features/statistics/services/statistics.service.ts(29,7): error TS2322: Type '"today" | "yesterday" | "week" | "month" | "year" | "last_month" | "last_week"' is not assignable to type '"today" | "yesterday" | "week" | "lastWeek" | "month" | "lastMonth" | "year"'.
  Type '"last_month"' is not assignable to type '"today" | "yesterday" | "week" | "lastWeek" | "month" | "lastMonth" | "year"'. Did you mean '"lastMonth"'?
features/support/components/SupportWorkspace.tsx(129,42): error TS2367: This comparison appears to be unintentional because the types 'TicketPriorite.LOW | TicketPriorite.MEDIUM' and '"URGENT"' have no overlap.
features/support/components/SupportWorkspace.tsx(308,26): error TS2339: Property 'phone' does not exist on type 'ITicketClient'.
features/support/components/SupportWorkspace.tsx(308,58): error TS2339: Property 'phone' does not exist on type 'ITicketClient'.
features/support/components/SupportWorkspace.tsx(323,13): error TS2353: Object literal may only specify known properties, and 'ticketId' does not exist in type '{ id: string; status: string; }'.
src/components/auth/LoginForm.tsx(4,34): error TS2307: Cannot find module '@/types/auth' or its corresponding type declarations.
src/components/gestion/CodesPromo/index.tsx(631,38): error TS2339: Property 'data' does not exist on type 'unknown'.
src/components/gestion/CodesPromo/index.tsx(632,32): error TS2339: Property 'meta' does not exist on type 'unknown'.
src/components/gestion/CodesPromo/PromoCodeDetail.tsx(230,30): error TS2339: Property 'data' does not exist on type 'unknown'.
src/components/gestion/CodesPromo/PromoCodeDetail.tsx(231,34): error TS2339: Property 'meta' does not exist on type 'unknown'.
src/components/gestion/Dashboard/DailySales.tsx(5,10): error TS2724: '"../../../../features/statistics/services/statistics.service"' has no exported member named 'DailySalesData'. Did you mean 'getDailySalesData'?
src/components/gestion/DeliveryOffers/index.tsx(98,24): error TS2339: Property 'data' does not exist on type 'unknown'.
src/components/gestion/DeliveryOffers/index.tsx(99,22): error TS2339: Property 'meta' does not exist on type 'unknown'.
src/components/gestion/Inventory/AddCategory.tsx(59,31): error TS2339: Property 'hubrise_sku' does not exist on type 'Category'.
src/components/gestion/Inventory/EditCategory.tsx(44,31): error TS2339: Property 'hubrise_sku' does not exist on type 'Category'.
src/components/gestion/Menus/EditMenuForm.tsx(95,58): error TS2345: Argument of type '{ title: string; description: string; price: string; reducedPrice: string; reduction: false; category: undefined[]; restaurant: string; supplements: { ingredients: { category: string; quantity: number; }; accompagnements: { ...; }; boissons: { ...; }; }; ... 6 more ...; audiences: undefined[]; }' is not assignable to parameter of type 'MenuFormData | (() => MenuFormData)'.
  Type '{ title: string; description: string; price: string; reducedPrice: string; reduction: false; category: undefined[]; restaurant: string; supplements: { ingredients: { category: string; quantity: number; }; accompagnements: { ...; }; boissons: { ...; }; }; ... 6 more ...; audiences: undefined[]; }' is missing the following properties from type 'MenuFormData': hubrise_sku, cooking_time
src/components/gestion/MessagesEtTickets/Inbox/EscalateTicketModal.tsx(20,3): error TS2322: Type '"LOW"' is not assignable to type 'TicketPriorite'.
src/components/gestion/MessagesEtTickets/Inbox/EscalateTicketModal.tsx(21,3): error TS2322: Type '"MEDIUM"' is not assignable to type 'TicketPriorite'.
src/components/gestion/MessagesEtTickets/Inbox/EscalateTicketModal.tsx(22,3): error TS2322: Type '"HIGH"' is not assignable to type 'TicketPriorite'.
src/components/gestion/MessagesEtTickets/Tickets/NewTicketModal.tsx(153,67): error TS2345: Argument of type 'CreateTicketRequest' is not assignable to parameter of type 'ICreerTicketDTO'.
  Types of property 'priority' are incompatible.
    Type 'TicketPriority' is not assignable to type 'TicketPriorite'.
      Type '"HIGH"' is not assignable to type 'TicketPriorite'.
src/components/gestion/MessagesEtTickets/Tickets/TicketsRightbar.tsx(143,38): error TS2339: Property 'role' does not exist on type 'ITicketAssigne'.
src/components/gestion/MessagesEtTickets/Tickets/TicketsSidebar.tsx(67,34): error TS2345: Argument of type '{ status: TicketStatus[]; priority: TicketPriority[]; search: string; }' is not assignable to parameter of type 'IFiltresTicket'.
  Types of property 'status' are incompatible.
    Type 'TicketStatus[]' is not assignable to type 'TicketStatut[]'.
      Type 'TicketStatus' is not assignable to type 'TicketStatut'.
        Type '"OPEN"' is not assignable to type 'TicketStatut'.
src/components/gestion/MessagesEtTickets/Tickets/TicketsSidebar.tsx(118,33): error TS2339: Property 'reference' does not exist on type 'ITicketCommande'.
src/components/gestion/MessagesEtTickets/Tickets/TicketsSidebar.tsx(251,34): error TS2339: Property 'reference' does not exist on type 'ITicketCommande'.
src/components/gestion/MessagesEtTickets/Tickets/TicketView.tsx(77,20): error TS2552: Cannot find name 'getRestaurantUsers'. Did you mean 'restaurantUsers'?
src/components/gestion/MessagesEtTickets/Tickets/TicketView.tsx(283,32): error TS2339: Property 'reference' does not exist on type 'ITicketCommande'.
src/components/gestion/MessagesEtTickets/Tickets/TicketView.tsx(369,36): error TS2339: Property 'reference' does not exist on type 'ITicketCommande'.
src/components/gestion/mobile/MobileBottomNav.tsx(46,5): error TS2367: This comparison appears to be unintentional because the types '"dashboard" | "marketing" | "news" | "inbox" | "courses" | "menus" | "clients" | "inventory" | "restaurants" | "personnel" | "livreurs" | "promos" | "loyalty" | "referral" | "gifts" | ... 19 more ... | "settings"' and '"historique"' have no overlap.
src/components/gestion/Notifications/ClickActionPicker.tsx(171,86): error TS2554: Expected 0 arguments, but got 1.
src/components/gestion/Notifications/scheduled/CreateScheduledModal.tsx(91,17): error TS2304: Cannot find name 'ScheduleType'.
src/components/gestion/Notifications/scheduled/CreateScheduledModal.tsx(295,22): error TS2367: This comparison appears to be unintentional because the types '"daily" | "weekly" | "monthly" | "once" | "custom"' and '"multi_dates"' have no overlap.
src/components/gestion/Notifications/segments/CreateSegmentModal.tsx(119,28): error TS2345: Argument of type 'SegmentFilters' is not assignable to parameter of type 'Record<string, unknown>'.
  Index signature for type 'string' is missing in type 'SegmentFilters'.
src/components/gestion/Personnel/MemberView.tsx(377,41): error TS2322: Type '"edit"' is not assignable to type '"delete" | "suspend"'.
src/components/gestion/Settings/tabs/PaymentSettings.tsx(49,30): error TS2345: Argument of type '(r: { id: string; name: string; }) => { id: string; name: string; }' is not assignable to parameter of type '(value: Restaurant, index: number, array: Restaurant[]) => { id: string; name: string; }'.
  Types of parameters 'r' and 'value' are incompatible.
    Type 'Restaurant' is not assignable to type '{ id: string; name: string; }'.
      Property 'id' is optional in type 'Restaurant' but required in type '{ id: string; name: string; }'.
src/components/gestion/Statistiques/StatsRetentionCallbacks.tsx(703,45): error TS2367: This comparison appears to be unintentional because the types 'UserRole.MARKETING | UserRole.COMPTABLE | UserRole.MANAGER | UserRole.CAISSIER | UserRole.CALL_CENTER | UserRole.CUISINE | UserRole.ASSISTANT_MANAGER' and '"SUPER_ADMIN"' have no overlap.
src/components/TableStates.tsx(64,6): error TS2339: Property 'appel' does not exist on type 'DashboardState'.
src/components/TableStates.tsx(64,6): error TS2339: Property 'settings' does not exist on type 'DashboardState'.
src/components/TableStates.tsx(64,6): error TS2339: Property 'tickets' does not exist on type 'DashboardState'.
src/components/ui/ChatWindow.tsx(7,10): error TS2724: '"@/services/messageService"' has no exported member named 'Conversation'. Did you mean 'getConversations'?
src/components/ui/ChatWindow.tsx(228,42): error TS2339: Property 'sender_type' does not exist on type 'Message'.
src/components/ui/ChatWindow.tsx(243,28): error TS2339: Property 'message_type' does not exist on type 'Message'.
src/components/ui/ChatWindow.tsx(243,64): error TS2339: Property 'file_url' does not exist on type 'Message'.
src/components/ui/ChatWindow.tsx(246,53): error TS2339: Property 'file_url' does not exist on type 'Message'.
src/components/ui/ChatWindow.tsx(256,28): error TS2339: Property 'message_type' does not exist on type 'Message'.
src/components/ui/ChatWindow.tsx(256,63): error TS2339: Property 'file_url' does not exist on type 'Message'.
src/components/ui/ChatWindow.tsx(259,67): error TS2339: Property 'content' does not exist on type 'Message'.
src/components/ui/ChatWindow.tsx(263,28): error TS2339: Property 'message_type' does not exist on type 'Message'.
src/components/ui/ChatWindow.tsx(264,65): error TS2339: Property 'content' does not exist on type 'Message'.
src/components/ui/ChatWindow.tsx(268,48): error TS2551: Property 'created_at' does not exist on type 'Message'. Did you mean 'createdAt'?
src/components/ui/ConversationList.tsx(8,10): error TS2724: '"@/services/messageService"' has no exported member named 'Conversation'. Did you mean 'getConversations'?
src/components/ui/EditProfileModal.tsx(19,13): error TS2345: Argument of type 'User' is not assignable to parameter of type 'LoginResponse'.
  Type 'User' is missing the following properties from type 'LoginResponse': token, refreshToken, permissions
src/components/ui/MessageModal.tsx(10,10): error TS2724: '"@/services/messageService"' has no exported member named 'Conversation'. Did you mean 'getConversations'?
src/hooks/useCustomersQuery.ts(120,34): error TS2339: Property 'totalItems' does not exist on type '{ total: number; page: number; limit: number; totalPages: number; }'.
src/hooks/useCustomersQuery.ts(121,36): error TS2339: Property 'itemsPerPage' does not exist on type '{ total: number; page: number; limit: number; totalPages: number; }'.
src/hooks/useMenuFormSubmission.ts(147,5): error TS2739: Type '{ id: string; name: string; categoryId: string; price: string; description: string; image: string; imageUrl: string; isAvailable: true; isNew: false; restaurant: string; restaurantId: string; supplements: { ...; }; ... 4 more ...; dish_supplements: { ...; }[]; }' is missing the following properties from type 'MenuItem': private, audiences
src/hooks/useTicketsQuery.ts(42,55): error TS2353: Object literal may only specify known properties, and 'page' does not exist in type 'TicketFilters'.
src/services/messageService.ts(2,47): error TS2459: Module '"@/types/messaging"' declares 'PaginatedResponse' locally, but it is not exported.
src/services/onesignalService.ts(51,40): error TS2345: Argument of type 'ViewMessagesQuery' is not assignable to parameter of type 'Record<string, unknown>'.
  Index signature for type 'string' is missing in type 'ViewMessagesQuery'.
src/services/onesignalService.ts(80,41): error TS2345: Argument of type 'ViewTemplatesQuery' is not assignable to parameter of type 'Record<string, unknown>'.
  Index signature for type 'string' is missing in type 'ViewTemplatesQuery'.
src/services/onesignalService.ts(103,40): error TS2345: Argument of type 'ViewSegmentsQuery' is not assignable to parameter of type 'Record<string, unknown>'.
  Index signature for type 'string' is missing in type 'ViewSegmentsQuery'.
src/services/onesignalService.ts(239,50): error TS2345: Argument of type 'ViewOutcomesQuery' is not assignable to parameter of type 'Record<string, unknown>'.
  Index signature for type 'string' is missing in type 'ViewOutcomesQuery'.
src/services/pushCampaignService.ts(50,31): error TS2345: Argument of type 'CampaignQuery' is not assignable to parameter of type 'Record<string, unknown>'.
  Index signature for type 'string' is missing in type 'CampaignQuery'.
src/services/pushCampaignService.ts(131,41): error TS2345: Argument of type 'TemplateQuery' is not assignable to parameter of type 'Record<string, unknown>'.
  Index signature for type 'string' is missing in type 'TemplateQuery'.
src/services/ticketService.ts(12,3): error TS2459: Module '"@/types/tickets"' declares 'PaginatedResponse' locally, but it is not exported.
src/store/conversationStore.ts(186,43): error TS2551: Property 'created_at' does not exist on type 'Message'. Did you mean 'createdAt'?
src/store/conversationStore.ts(189,37): error TS2339: Property 'content' does not exist on type 'Message'.
src/store/conversationStore.ts(190,41): error TS2339: Property 'sender_type' does not exist on type 'Message'.
src/store/conversationStore.ts(191,42): error TS2339: Property 'message_type' does not exist on type 'Message'.
src/store/conversationStore.ts(192,40): error TS2551: Property 'created_at' does not exist on type 'Message'. Did you mean 'createdAt'?
src/store/conversationStore.ts(223,40): error TS2339: Property 'unread_count' does not exist on type 'Conversation'.
src/store/conversationStore.ts(235,81): error TS2339: Property 'unread_count' does not exist on type 'Conversation'.
src/store/conversationStore.ts(251,40): error TS2339: Property 'unread_count' does not exist on type 'Conversation'.
src/store/conversationStore.ts(264,81): error TS2339: Property 'unread_count' does not exist on type 'Conversation'.
src/store/conversationStore.ts(369,58): error TS2339: Property 'conversationId' does not exist on type 'Message'.
src/store/conversationStore.ts(378,18): error TS2339: Property 'conversationId' does not exist on type 'Message'.
src/store/conversationStore.ts(384,27): error TS2339: Property 'conversationId' does not exist on type 'Message'.
src/store/conversationStore.ts(387,38): error TS2551: Property 'created_at' does not exist on type 'Message'. Did you mean 'createdAt'?
src/store/conversationStore.ts(388,35): error TS2339: Property 'sender_type' does not exist on type 'Message'.
src/store/conversationStore.ts(388,67): error TS2339: Property 'unread_count' does not exist on type 'Conversation'.
src/store/conversationStore.ts(388,91): error TS2339: Property 'unread_count' does not exist on type 'Conversation'.
src/store/conversationStore.ts(391,32): error TS2339: Property 'content' does not exist on type 'Message'.
src/store/conversationStore.ts(392,36): error TS2339: Property 'sender_type' does not exist on type 'Message'.
src/store/conversationStore.ts(393,37): error TS2339: Property 'message_type' does not exist on type 'Message'.
src/store/conversationStore.ts(394,35): error TS2551: Property 'created_at' does not exist on type 'Message'. Did you mean 'createdAt'?
src/store/messageStore.ts(4,3): error TS2724: '"@/services/messageService"' has no exported member named 'Conversation'. Did you mean 'getConversations'?
src/store/messageStore.ts(5,3): error TS2724: '"@/services/messageService"' has no exported member named 'MessageStats'. Did you mean 'getMessageStats'?
src/store/messageStore.ts(125,43): error TS2551: Property 'created_at' does not exist on type 'Message'. Did you mean 'createdAt'?
src/store/messageStore.ts(128,37): error TS2339: Property 'content' does not exist on type 'Message'.
src/store/messageStore.ts(129,41): error TS2339: Property 'sender_type' does not exist on type 'Message'.
src/store/messageStore.ts(130,42): error TS2339: Property 'message_type' does not exist on type 'Message'.
src/store/messageStore.ts(131,40): error TS2551: Property 'created_at' does not exist on type 'Message'. Did you mean 'createdAt'?
src/store/messageStore.ts(166,13): error TS2339: Property 'conversation_id' does not exist on type 'Message'.
src/store/ticketStore.ts(410,13): error TS2741: Property 'urgent' is missing in type '{ total: number; open: number; inProgress: number; resolved: number; closed: number; high: number; medium: number; low: number; averageResponseTime: number; averageResolutionTime: number; satisfactionScore?: number; }' but required in type '{ total: number; open: number; inProgress: number; resolved: number; closed: number; urgent: number; high: number; medium: number; low: number; averageResponseTime: number; averageResolutionTime: number; satisfactionScore?: number; }'.
